2020-02-11 14:58:26 - Running test: scripted / npmTest
2020-02-11 14:58:45 - Running test: scripted / collectIssuesTest
2020-02-11 14:58:50 - Running test: scripted / mavenTest
2020-02-11 14:59:08 - Running test: scripted / downloadNonExistingBuildTest
2020-02-11 14:59:14 - Running test: scripted / xrayScanFailFalseTest
2020-02-11 14:59:15 - Running test: scripted / downloadByPatternTest
2020-02-11 14:59:21 - Running test: scripted / dockerPushTest
2020-02-11 14:59:21 - Running test: scripted / goTest
2020-02-11 14:59:31 - Running test: scripted / downloadByShaAndBuildTest
2020-02-11 14:59:43 - Running test: scripted / downloadByBuildOnlyTest
2020-02-11 14:59:55 - Running test: scripted / uploadTest
2020-02-11 15:00:00 - Running test: scripted / downloadByPatternAndBuildTest
2020-02-11 15:00:10 - Running test: scripted / deletePropsTest
2020-02-11 15:00:18 - Running test: scripted / gradleTest
2020-02-11 15:00:41 - Running test: scripted / gradleCiServerTest
2020-02-11 15:00:57 - Running test: scripted / downloadByShaAndBuildNameTest
2020-02-11 15:01:09 - Running test: scripted / appendBuildInfoTest
2020-02-11 15:01:15 - Running test: scripted / promotionTest
2020-02-11 15:01:24 - Running test: scripted / setPropsTest
2020-02-11 15:01:31 - Running test: scripted / xrayScanFailTrueTest
2020-02-11 15:01:32 - Running test: scripted / downloadByAqlTest
2020-02-11 15:02:15 - Running test: declarative / npmTest
2020-02-11 15:02:32 - Running test: declarative / collectIssuesTest
2020-02-11 15:02:37 - Running test: declarative / mavenTest
2020-02-11 15:02:55 - Running test: declarative / downloadNonExistingBuildTest
2020-02-11 15:03:00 - Running test: declarative / xrayScanFailFalseTest
2020-02-11 15:03:01 - Running test: declarative / downloadByPatternTest
2020-02-11 15:03:07 - Running test: declarative / dockerPushTest
2020-02-11 15:03:07 - Running test: declarative / goTest
2020-02-11 15:03:17 - Running test: declarative / downloadByShaAndBuildTest
2020-02-11 15:03:29 - Running test: declarative / downloadByBuildOnlyTest
2020-02-11 15:03:40 - Running test: declarative / uploadTest
2020-02-11 15:03:45 - Running test: declarative / downloadByPatternAndBuildTest
2020-02-11 15:03:55 - Running test: declarative / deletePropsTest
2020-02-11 15:04:03 - Running test: declarative / gradleTest
2020-02-11 15:04:17 - Running test: declarative / gradleCiServerTest
2020-02-11 15:04:28 - Running test: declarative / downloadByShaAndBuildNameTest
2020-02-11 15:04:41 - Running test: declarative / promotionTest
2020-02-11 15:04:50 - Running test: declarative / setPropsTest
2020-02-11 15:04:56 - Running test: declarative / xrayScanFailTrueTest
2020-02-11 15:04:57 - Running test: declarative / downloadByAqlTest
2020-02-11 15:10:26 - Running test: scripted / npmTest
2020-02-11 15:10:46 - Running test: scripted / collectIssuesTest
2020-02-11 15:10:51 - Running test: scripted / mavenTest
2020-02-11 15:11:08 - Running test: scripted / downloadNonExistingBuildTest
2020-02-11 15:11:14 - Running test: scripted / xrayScanFailFalseTest
2020-02-11 15:22:32 - Running test: declarative / npmTest
2020-02-11 15:22:52 - Running test: declarative / collectIssuesTest
2020-02-11 15:22:56 - Running test: declarative / mavenTest
2020-02-11 15:23:15 - Running test: declarative / downloadNonExistingBuildTest
2020-02-11 15:23:21 - Running test: declarative / xrayScanFailFalseTest
2020-02-12 12:06:15 - Running test: scripted / npmTest
2020-02-12 12:06:35 - Running test: scripted / collectIssuesTest
2020-02-12 12:06:40 - Running test: scripted / mavenTest
2020-02-12 12:06:59 - Running test: scripted / downloadNonExistingBuildTest
2020-02-12 12:07:05 - Running test: scripted / xrayScanFailFalseTest
2020-02-12 12:07:05 - Running test: scripted / downloadByPatternTest
2020-02-12 12:07:11 - Running test: scripted / dockerPushTest
2020-02-12 12:07:29 - Running test: scripted / goTest
2020-02-12 12:07:39 - Running test: scripted / downloadByShaAndBuildTest
2020-02-12 12:07:51 - Running test: scripted / downloadByBuildOnlyTest
2020-02-12 12:08:01 - Running test: scripted / uploadTest
2020-02-12 12:08:07 - Running test: scripted / downloadByPatternAndBuildTest
2020-02-12 12:08:17 - Running test: scripted / deletePropsTest
2020-02-12 12:08:24 - Running test: scripted / gradleTest
2020-02-12 12:08:59 - Running test: scripted / gradleCiServerTest
2020-02-12 12:09:16 - Running test: scripted / downloadByShaAndBuildNameTest
2020-02-12 12:09:28 - Running test: scripted / appendBuildInfoTest
2020-02-12 12:09:36 - Running test: scripted / promotionTest
2020-02-12 12:09:46 - Running test: scripted / setPropsTest
2020-02-12 12:09:53 - Running test: scripted / xrayScanFailTrueTest
2020-02-12 12:09:54 - Running test: scripted / downloadByAqlTest
2020-02-12 12:09:59 - Running test: scripted / downloadFailNoOpTest
2020-02-12 12:10:01 - Running test: scripted / uploadFailNoOpTest
2020-02-12 12:10:38 - Running test: declarative / npmTest
2020-02-12 12:10:54 - Running test: declarative / collectIssuesTest
2020-02-12 12:10:59 - Running test: declarative / mavenTest
2020-02-12 12:11:17 - Running test: declarative / downloadNonExistingBuildTest
2020-02-12 12:11:22 - Running test: declarative / xrayScanFailFalseTest
2020-02-12 12:11:23 - Running test: declarative / downloadByPatternTest
2020-02-12 12:11:29 - Running test: declarative / dockerPushTest
2020-02-12 12:11:41 - Running test: declarative / goTest
2020-02-12 12:11:51 - Running test: declarative / downloadByShaAndBuildTest
2020-02-12 12:12:03 - Running test: declarative / downloadByBuildOnlyTest
2020-02-12 12:12:14 - Running test: declarative / uploadTest
2020-02-12 12:12:19 - Running test: declarative / downloadByPatternAndBuildTest
2020-02-12 12:12:29 - Running test: declarative / deletePropsTest
2020-02-12 12:12:37 - Running test: declarative / gradleTest
2020-02-12 12:13:01 - Running test: declarative / gradleCiServerTest
2020-02-12 12:13:17 - Running test: declarative / downloadByShaAndBuildNameTest
2020-02-12 12:13:29 - Running test: declarative / promotionTest
2020-02-12 12:13:38 - Running test: declarative / setPropsTest
2020-02-12 12:13:46 - Running test: declarative / xrayScanFailTrueTest
2020-02-12 12:13:46 - Running test: declarative / downloadByAqlTest
2020-02-12 12:13:52 - Running test: declarative / downloadFailNoOpTest
2020-02-12 12:13:54 - Running test: declarative / uploadFailNoOpTest
2020-02-13 10:06:31 - Running test: scripted / npmTest
2020-02-13 10:06:35 - Running test: scripted / collectIssuesTest
2020-02-13 10:06:41 - Running test: scripted / mavenTest
2020-02-13 10:06:42 - Running test: scripted / downloadNonExistingBuildTest
2020-02-13 10:06:48 - Running test: scripted / xrayScanFailFalseTest
2020-02-13 10:07:38 - Running test: scripted / downloadByPatternTest
2020-02-13 10:07:44 - Running test: scripted / dockerPushTest
2020-02-13 10:08:11 - Running test: scripted / goTest
2020-02-13 10:08:21 - Running test: scripted / downloadByShaAndBuildTest
2020-02-13 10:08:33 - Running test: scripted / downloadByBuildOnlyTest
2020-02-13 10:08:43 - Running test: scripted / uploadTest
2020-02-13 10:08:48 - Running test: scripted / downloadByPatternAndBuildTest
2020-02-13 10:08:58 - Running test: scripted / deletePropsTest
2020-02-13 10:09:05 - Running test: scripted / gradleTest
2020-02-13 10:09:19 - Running test: scripted / gradleCiServerTest
2020-02-13 10:09:21 - Running test: scripted / downloadByShaAndBuildNameTest
2020-02-13 10:09:32 - Running test: scripted / appendBuildInfoTest
2020-02-13 10:09:38 - Running test: scripted / promotionTest
2020-02-13 10:09:48 - Running test: scripted / setPropsTest
2020-02-13 10:09:55 - Running test: scripted / xrayScanFailTrueTest
2020-02-13 10:10:13 - Running test: scripted / downloadByAqlTest
2020-02-13 10:10:18 - Running test: scripted / downloadFailNoOpTest
2020-02-13 10:10:20 - Running test: scripted / uploadFailNoOpTest
2020-02-13 10:20:43 - Running test: scripted / npmTest
2020-02-13 10:20:48 - Running test: scripted / mavenTest
2020-02-13 10:20:49 - Running test: scripted / gradleCiServerTest
2020-02-13 10:26:41 - Running test: scripted / npmTest
2020-02-13 10:26:46 - Running test: scripted / collectIssuesTest
2020-02-13 10:26:51 - Running test: scripted / mavenTest
2020-02-13 10:26:52 - Running test: scripted / downloadNonExistingBuildTest
2020-02-13 10:26:58 - Running test: scripted / xrayScanFailFalseTest
2020-02-13 10:27:35 - Running test: scripted / downloadByPatternTest
2020-02-13 10:27:41 - Running test: scripted / dockerPushTest
2020-02-13 10:28:04 - Running test: scripted / goTest
2020-02-13 10:28:14 - Running test: scripted / downloadByShaAndBuildTest
2020-02-13 10:28:26 - Running test: scripted / downloadByBuildOnlyTest
2020-02-13 10:28:36 - Running test: scripted / uploadTest
2020-02-13 10:28:41 - Running test: scripted / downloadByPatternAndBuildTest
2020-02-13 10:28:51 - Running test: scripted / deletePropsTest
2020-02-13 10:28:58 - Running test: scripted / gradleTest
2020-02-13 10:29:12 - Running test: scripted / gradleCiServerTest
2020-02-13 10:29:14 - Running test: scripted / downloadByShaAndBuildNameTest
2020-02-13 10:29:26 - Running test: scripted / appendBuildInfoTest
2020-02-13 10:29:32 - Running test: scripted / promotionTest
2020-02-13 10:29:42 - Running test: scripted / setPropsTest
2020-02-13 10:29:48 - Running test: scripted / xrayScanFailTrueTest
2020-02-16 11:25:02 - Running test: scripted / npmTest
2020-02-16 11:25:04 - Running test: scripted / collectIssuesTest
2020-02-16 11:25:05 - Running test: scripted / mavenTest
2020-02-16 11:25:06 - Running test: scripted / downloadNonExistingBuildTest
2020-02-16 11:25:07 - Running test: scripted / xrayScanFailFalseTest
2020-02-16 11:25:08 - Running test: scripted / downloadByPatternTest
2020-02-16 11:25:11 - Running test: scripted / dockerPushTest
2020-02-16 11:25:12 - Running test: scripted / goTest
2020-02-16 11:25:13 - Running test: scripted / downloadByShaAndBuildTest
2020-02-16 11:25:14 - Running test: scripted / downloadByBuildOnlyTest
2020-02-16 11:25:15 - Running test: scripted / uploadTest
2020-02-16 11:25:16 - Running test: scripted / downloadByPatternAndBuildTest
2020-02-16 11:25:17 - Running test: scripted / deletePropsTest
2020-02-16 11:25:17 - Running test: scripted / gradleTest
2020-02-16 11:25:18 - Running test: scripted / gradleCiServerTest
2020-02-16 11:25:19 - Running test: scripted / downloadByShaAndBuildNameTest
2020-02-16 11:25:20 - Running test: scripted / appendBuildInfoTest
2020-02-16 11:25:21 - Running test: scripted / promotionTest
2020-02-16 11:25:23 - Running test: scripted / setPropsTest
2020-02-16 11:25:25 - Running test: scripted / xrayScanFailTrueTest
2020-02-16 11:25:27 - Running test: scripted / downloadByAqlTest
2020-02-16 11:25:29 - Running test: scripted / downloadFailNoOpTest
2020-02-16 11:25:30 - Running test: scripted / uploadFailNoOpTest
2020-02-16 12:09:53 - Running test: scripted / npmTest
2020-02-16 12:09:55 - Running test: scripted / collectIssuesTest
2020-02-16 13:46:16 - Running test: scripted / npmTest
2020-02-16 13:46:21 - Running test: scripted / collectIssuesTest
2020-02-16 13:46:26 - Running test: scripted / mavenTest
2020-02-16 13:46:29 - Running test: scripted / downloadNonExistingBuildTest
2020-02-16 13:46:35 - Running test: scripted / xrayScanFailFalseTest
2020-02-16 13:47:27 - Running test: scripted / downloadByPatternTest
2020-02-16 13:47:33 - Running test: scripted / dockerPushTest
2020-02-16 13:47:34 - Running test: scripted / goTest
2020-02-16 13:47:49 - Running test: scripted / downloadByShaAndBuildTest
2020-02-16 13:48:05 - Running test: scripted / downloadByBuildOnlyTest
2020-02-16 13:48:20 - Running test: scripted / uploadTest
2020-02-16 13:48:30 - Running test: scripted / downloadByPatternAndBuildTest
2020-02-16 13:48:40 - Running test: scripted / deletePropsTest
2020-02-16 13:48:50 - Running test: scripted / gradleTest
2020-02-16 13:49:13 - Running test: scripted / gradleCiServerTest
2020-02-16 13:49:14 - Running test: scripted / downloadByShaAndBuildNameTest
2020-02-16 13:49:27 - Running test: scripted / appendBuildInfoTest
2020-02-16 13:49:36 - Running test: scripted / promotionTest
2020-02-16 13:49:47 - Running test: scripted / setPropsTest
2020-02-16 13:49:58 - Running test: scripted / xrayScanFailTrueTest
2020-02-16 13:50:15 - Running test: scripted / downloadByAqlTest
2020-02-16 13:50:21 - Running test: scripted / downloadFailNoOpTest
2020-02-16 13:50:22 - Running test: scripted / uploadFailNoOpTest
2020-02-16 13:53:10 - Running test: scripted / npmTest
2020-02-16 14:38:18 - Running test: scripted / npmTest
2020-02-16 14:38:36 - Running test: scripted / mavenTest
2020-02-16 14:38:54 - Running test: scripted / dockerPushTest
2020-02-16 14:38:56 - Running test: scripted / gradleCiServerTest
2020-02-16 15:23:07 - Running test: scripted / npmTest
2020-02-16 15:23:25 - Running test: scripted / collectIssuesTest
2020-02-16 15:23:30 - Running test: scripted / mavenTest
2020-02-16 15:23:49 - Running test: scripted / downloadNonExistingBuildTest
2020-02-16 15:23:54 - Running test: scripted / xrayScanFailFalseTest
2020-02-16 15:24:23 - Running test: scripted / downloadByPatternTest
2020-02-16 15:24:28 - Running test: scripted / dockerPushTest
2020-02-16 15:24:30 - Running test: scripted / goTest
2020-02-16 15:24:40 - Running test: scripted / downloadByShaAndBuildTest
2020-02-16 15:24:52 - Running test: scripted / downloadByBuildOnlyTest
2020-02-16 15:25:02 - Running test: scripted / uploadTest
2020-02-16 15:25:07 - Running test: scripted / downloadByPatternAndBuildTest
2020-02-16 15:25:17 - Running test: scripted / deletePropsTest
2020-02-16 15:25:24 - Running test: scripted / gradleTest
2020-02-16 15:25:38 - Running test: scripted / gradleCiServerTest
2020-02-16 15:25:54 - Running test: scripted / downloadByShaAndBuildNameTest
2020-02-16 15:26:05 - Running test: scripted / appendBuildInfoTest
2020-02-16 15:26:11 - Running test: scripted / promotionTest
2020-02-16 15:26:21 - Running test: scripted / setPropsTest
2020-02-16 15:26:29 - Running test: scripted / xrayScanFailTrueTest
2020-02-16 15:26:48 - Running test: scripted / downloadByAqlTest
2020-02-16 15:26:53 - Running test: scripted / downloadFailNoOpTest
2020-02-16 15:26:55 - Running test: scripted / uploadFailNoOpTest
2020-02-16 15:32:27 - Running test: declarative / npmTest
2020-02-16 15:32:46 - Running test: declarative / collectIssuesTest
2020-02-16 15:32:51 - Running test: declarative / mavenTest
2020-02-16 15:33:08 - Running test: declarative / downloadNonExistingBuildTest
2020-02-16 15:33:13 - Running test: declarative / xrayScanFailFalseTest
2020-02-16 15:33:38 - Running test: declarative / downloadByPatternTest
2020-02-16 15:33:43 - Running test: declarative / dockerPushTest
2020-02-16 15:33:45 - Running test: declarative / goTest
2020-02-16 15:33:54 - Running test: declarative / downloadByShaAndBuildTest
2020-02-16 15:34:07 - Running test: declarative / downloadByBuildOnlyTest
2020-02-16 15:34:17 - Running test: declarative / uploadTest
2020-02-16 15:34:22 - Running test: declarative / downloadByPatternAndBuildTest
2020-02-16 15:34:32 - Running test: declarative / deletePropsTest
2020-02-16 15:34:40 - Running test: declarative / gradleTest
2020-02-16 15:34:53 - Running test: declarative / gradleCiServerTest
2020-02-16 15:35:10 - Running test: declarative / downloadByShaAndBuildNameTest
2020-02-16 15:35:21 - Running test: declarative / promotionTest
2020-02-16 15:35:30 - Running test: declarative / setPropsTest
2020-02-16 15:35:37 - Running test: declarative / xrayScanFailTrueTest
2020-02-16 15:35:52 - Running test: declarative / downloadByAqlTest
2020-02-16 15:35:58 - Running test: declarative / downloadFailNoOpTest
2020-02-16 15:35:59 - Running test: declarative / uploadFailNoOpTest
2020-02-18 10:37:08 - Running test: declarative / goTest
2020-02-18 10:40:07 - Running test: declarative / goTest
2020-02-18 10:45:34 - Running test: declarative / goTest
2020-02-18 10:46:36 - Running test: scripted / goTest
2020-02-18 10:48:18 - Running test: scripted / goCustomModuleNameTest
2020-02-18 10:50:16 - Running test: scripted / goCustomModuleNameTest
2020-02-18 10:52:55 - Running test: scripted / goTest
2020-02-18 11:20:48 - Running test: declarative / goCustomModuleNameTest
2020-02-18 11:23:05 - Running test: declarative / npmTest
2020-02-18 11:24:24 - Running test: scripted / npmTest
2020-02-18 11:27:57 - Running test: scripted / npmCustomModuleNameTest
2020-02-18 11:29:02 - Running test: declarative / npmCustomModuleNameTest
2020-02-18 12:15:49 - Running test: scripted / uploadDownloadCustomModuleNameTest
2020-02-18 12:17:55 - Running test: scripted / uploadDownloadCustomModuleNameTest
2020-02-18 12:23:09 - Running test: scripted / uploadDownloadCustomModuleNameTest
2020-02-18 12:24:07 - Running test: scripted / uploadDownloadCustomModuleNameTest
2020-02-18 13:29:18 - Running test: scripted / uploadDownloadCustomModuleNameTest
2020-02-18 13:35:12 - Running test: scripted / uploadDownloadCustomModuleNameTest
2020-02-18 13:38:26 - Running test: scripted / uploadDownloadCustomModuleNameTest
2020-02-18 13:43:08 - Running test: declarative / uploadDownloadCustomModuleNameTest
2020-02-18 13:46:02 - Running test: declarative / uploadDownloadCustomModuleNameTest
2020-02-18 13:47:00 - Running test: declarative / uploadDownloadCustomModuleNameTest
2020-02-18 13:50:21 - Running test: declarative / uploadDownloadCustomModuleNameTest
2020-02-18 13:53:58 - Running test: declarative / uploadDownloadCustomModuleNameTest
2020-02-18 13:57:18 - Running test: declarative / uploadDownloadCustomModuleNameTest
2020-02-18 14:02:45 - Running test: declarative / uploadDownloadCustomModuleNameTest
2020-02-18 14:15:31 - Running test: declarative / uploadDownloadCustomModuleNameTest
2020-02-18 14:20:43 - Running test: declarative / uploadDownloadCustomModuleNameTest
2020-02-18 14:25:45 - Running test: declarative / uploadDownloadCustomModuleNameTest
2020-02-18 14:27:26 - Running test: scripted / uploadDownloadCustomModuleNameTest
2020-02-18 14:29:29 - Running test: scripted / uploadDownloadCustomModuleNameTest
2020-02-18 14:32:58 - Running test: declarative / uploadDownloadCustomModuleNameTest
2020-02-18 14:35:42 - Running test: scripted / uploadDownloadCustomModuleNameTest
2020-02-18 14:38:01 - Running test: scripted / npmTest
2020-02-18 14:38:38 - Running test: scripted / goCustomModuleNameTest
2020-02-18 14:39:08 - Running test: scripted / collectIssuesTest
2020-02-18 14:39:34 - Running test: scripted / mavenTest
2020-02-18 14:40:13 - Running test: scripted / downloadNonExistingBuildTest
2020-02-18 14:40:37 - Running test: scripted / xrayScanFailFalseTest
2020-02-18 14:41:35 - Running test: scripted / downloadByPatternTest
2020-02-18 14:41:59 - Running test: scripted / dockerPushTest
2020-02-18 14:42:33 - Running test: scripted / uploadDownloadCustomModuleNameTest
2020-02-18 14:42:59 - Running test: scripted / goTest
2020-02-18 14:43:26 - Running test: scripted / downloadByShaAndBuildTest
2020-02-18 14:43:56 - Running test: scripted / downloadByBuildOnlyTest
2020-02-18 14:44:25 - Running test: scripted / uploadTest
2020-02-18 14:45:02 - Running test: scripted / downloadByPatternAndBuildTest
2020-02-18 14:45:32 - Running test: scripted / deletePropsTest
2020-02-18 14:45:58 - Running test: scripted / npmCustomModuleNameTest
2020-02-18 14:46:31 - Running test: scripted / gradleTest
2020-02-18 14:47:03 - Running test: scripted / gradleCiServerTest
2020-02-18 14:47:25 - Running test: scripted / downloadByShaAndBuildNameTest
2020-02-18 14:47:54 - Running test: scripted / appendBuildInfoTest
2020-02-18 14:48:25 - Running test: scripted / promotionTest
2020-02-18 14:48:53 - Running test: scripted / setPropsTest
2020-02-18 14:49:20 - Running test: scripted / xrayScanFailTrueTest
2020-02-18 14:49:57 - Running test: scripted / downloadByAqlTest
2020-02-18 14:50:21 - Running test: scripted / downloadFailNoOpTest
2020-02-18 14:50:42 - Running test: scripted / uploadFailNoOpTest
2020-02-18 14:51:06 - Running test: declarative / npmTest
2020-02-18 14:51:41 - Running test: declarative / goCustomModuleNameTest
2020-02-18 14:52:10 - Running test: declarative / collectIssuesTest
2020-02-18 14:52:33 - Running test: declarative / mavenTest
2020-02-18 14:53:09 - Running test: declarative / downloadNonExistingBuildTest
2020-02-18 14:53:34 - Running test: declarative / xrayScanFailFalseTest
2020-02-18 14:54:13 - Running test: declarative / downloadByPatternTest
2020-02-18 14:54:37 - Running test: declarative / dockerPushTest
2020-02-18 14:55:09 - Running test: declarative / uploadDownloadCustomModuleNameTest
2020-02-18 14:55:36 - Running test: declarative / goTest
2020-02-18 14:56:05 - Running test: declarative / downloadByShaAndBuildTest
2020-02-18 14:56:35 - Running test: declarative / downloadByBuildOnlyTest
2020-02-18 14:57:05 - Running test: declarative / uploadTest
2020-02-18 14:57:27 - Running test: declarative / downloadByPatternAndBuildTest
2020-02-18 14:57:54 - Running test: declarative / deletePropsTest
2020-02-18 14:58:22 - Running test: declarative / npmCustomModuleNameTest
2020-02-18 14:58:56 - Running test: declarative / gradleTest
2020-02-18 14:59:29 - Running test: declarative / gradleCiServerTest
2020-02-18 14:59:50 - Running test: declarative / downloadByShaAndBuildNameTest
2020-02-18 15:00:22 - Running test: declarative / promotionTest
2020-02-18 15:00:51 - Running test: declarative / setPropsTest
2020-02-18 15:01:16 - Running test: declarative / xrayScanFailTrueTest
2020-02-18 15:01:51 - Running test: declarative / downloadByAqlTest
2020-02-18 15:02:16 - Running test: declarative / downloadFailNoOpTest
2020-02-18 15:02:36 - Running test: declarative / uploadFailNoOpTest
2020-02-19 17:07:38 - Running test: scripted / npmTest
2020-02-19 17:08:14 - Running test: scripted / goCustomModuleNameTest
2020-02-19 17:08:46 - Running test: scripted / collectIssuesTest
2020-02-19 17:09:09 - Running test: scripted / mavenTest
2020-02-19 17:09:49 - Running test: scripted / downloadNonExistingBuildTest
2020-02-19 17:10:15 - Running test: scripted / xrayScanFailFalseTest
2020-02-19 17:11:13 - Running test: scripted / downloadByPatternTest
2020-02-19 17:11:39 - Running test: scripted / dockerPushTest
2020-02-19 17:12:20 - Running test: scripted / uploadDownloadCustomModuleNameTest
2020-02-19 17:12:47 - Running test: scripted / goTest
2020-02-19 17:13:15 - Running test: scripted / downloadByShaAndBuildTest
2020-02-19 17:13:45 - Running test: scripted / downloadByBuildOnlyTest
2020-02-19 17:14:17 - Running test: scripted / uploadTest
2020-02-19 17:20:52 - Running test: scripted / downloadByPatternAndBuildTest
2020-02-19 17:21:29 - Running test: scripted / deletePropsTest
2020-02-19 17:22:04 - Running test: scripted / npmCustomModuleNameTest
2020-02-19 17:22:41 - Running test: scripted / gradleTest
2020-02-19 17:23:16 - Running test: scripted / gradleCiServerTest
2020-02-19 17:23:54 - Running test: scripted / downloadByShaAndBuildNameTest
2020-02-19 17:24:25 - Running test: scripted / appendBuildInfoTest
2020-02-19 17:24:51 - Running test: scripted / promotionTest
2020-02-19 17:25:20 - Running test: scripted / setPropsTest
2020-02-19 17:25:47 - Running test: scripted / xrayScanFailTrueTest
2020-02-19 17:26:21 - Running test: scripted / downloadByAqlTest
2020-02-19 17:26:47 - Running test: scripted / downloadFailNoOpTest
2020-02-19 17:27:03 - Running test: scripted / uploadFailNoOpTest
2020-02-19 17:27:27 - Running test: declarative / npmTest
2020-02-19 17:27:54 - Running test: declarative / goCustomModuleNameTest
2020-02-19 17:28:17 - Running test: declarative / collectIssuesTest
2020-02-19 17:28:41 - Running test: declarative / mavenTest
2020-02-19 17:29:15 - Running test: declarative / downloadNonExistingBuildTest
2020-02-19 17:29:37 - Running test: declarative / xrayScanFailFalseTest
2020-02-19 17:30:12 - Running test: declarative / downloadByPatternTest
2020-02-19 17:30:35 - Running test: declarative / dockerPushTest
2020-02-19 17:31:07 - Running test: declarative / uploadDownloadCustomModuleNameTest
2020-02-19 17:31:27 - Running test: declarative / goTest
2020-02-19 17:31:49 - Running test: declarative / downloadByShaAndBuildTest
2020-02-19 17:32:10 - Running test: declarative / downloadByBuildOnlyTest
2020-02-19 17:32:31 - Running test: declarative / uploadTest
2020-02-19 17:32:52 - Running test: declarative / downloadByPatternAndBuildTest
2020-02-19 17:33:16 - Running test: declarative / deletePropsTest
2020-02-19 17:33:38 - Running test: declarative / npmCustomModuleNameTest
2020-02-19 17:34:10 - Running test: declarative / gradleTest
2020-02-19 17:34:46 - Running test: declarative / gradleCiServerTest
2020-02-19 17:35:18 - Running test: declarative / downloadByShaAndBuildNameTest
2020-02-19 17:35:41 - Running test: declarative / promotionTest
2020-02-19 17:36:05 - Running test: declarative / setPropsTest
2020-02-19 17:36:09 - Running test: declarative / xrayScanFailTrueTest
2020-02-19 17:36:46 - Running test: declarative / downloadByAqlTest
2020-02-19 17:37:09 - Running test: declarative / downloadFailNoOpTest
2020-02-19 17:37:30 - Running test: declarative / uploadFailNoOpTest
2020-02-20 08:44:18 - Running test: scripted / npmTest
2020-02-20 08:44:50 - Running test: scripted / goCustomModuleNameTest
2020-02-20 08:45:14 - Running test: scripted / collectIssuesTest
2020-02-20 08:45:33 - Running test: scripted / mavenTest
2020-02-20 08:46:06 - Running test: scripted / downloadNonExistingBuildTest
2020-02-20 08:46:26 - Running test: scripted / xrayScanFailFalseTest
2020-02-20 08:47:09 - Running test: scripted / downloadByPatternTest
2020-02-20 08:47:30 - Running test: scripted / dockerPushTest
2020-02-20 08:48:00 - Running test: scripted / uploadDownloadCustomModuleNameTest
2020-02-20 08:48:20 - Running test: scripted / goTest
2020-02-20 08:48:42 - Running test: scripted / downloadByShaAndBuildTest
2020-02-20 08:49:08 - Running test: scripted / downloadByBuildOnlyTest
2020-02-20 08:49:32 - Running test: scripted / uploadTest
2020-02-20 08:49:50 - Running test: scripted / downloadByPatternAndBuildTest
2020-02-20 08:50:15 - Running test: scripted / deletePropsTest
2020-02-20 08:50:34 - Running test: scripted / npmCustomModuleNameTest
2020-02-20 08:51:02 - Running test: scripted / gradleTest
2020-02-20 08:51:29 - Running test: scripted / gradleCiServerTest
2020-02-20 08:52:00 - Running test: scripted / downloadByShaAndBuildNameTest
2020-02-20 08:52:25 - Running test: scripted / appendBuildInfoTest
2020-02-20 08:52:44 - Running test: scripted / promotionTest
2020-02-20 08:53:07 - Running test: scripted / setPropsTest
2020-02-20 08:53:28 - Running test: scripted / xrayScanFailTrueTest
2020-02-20 08:54:00 - Running test: scripted / downloadByAqlTest
2020-02-20 08:54:18 - Running test: scripted / downloadFailNoOpTest
2020-02-20 08:54:33 - Running test: scripted / uploadFailNoOpTest
2020-02-20 08:54:50 - Running test: declarative / npmTest
2020-02-20 08:55:14 - Running test: declarative / goCustomModuleNameTest
2020-02-20 08:55:32 - Running test: declarative / collectIssuesTest
2020-02-20 08:55:50 - Running test: declarative / mavenTest
2020-02-20 08:56:18 - Running test: declarative / downloadNonExistingBuildTest
2020-02-20 08:56:34 - Running test: declarative / xrayScanFailFalseTest
2020-02-20 08:57:04 - Running test: declarative / downloadByPatternTest
2020-02-20 08:57:21 - Running test: declarative / dockerPushTest
2020-02-20 08:57:47 - Running test: declarative / uploadDownloadCustomModuleNameTest
2020-02-20 08:58:02 - Running test: declarative / goTest
2020-02-20 08:58:18 - Running test: declarative / downloadByShaAndBuildTest
2020-02-20 08:58:33 - Running test: declarative / downloadByBuildOnlyTest
2020-02-20 08:58:50 - Running test: declarative / uploadTest
2020-02-20 08:59:06 - Running test: declarative / downloadByPatternAndBuildTest
2020-02-20 08:59:21 - Running test: declarative / deletePropsTest
2020-02-20 08:59:37 - Running test: declarative / npmCustomModuleNameTest
2020-02-20 09:00:01 - Running test: declarative / gradleTest
2020-02-20 09:00:29 - Running test: declarative / gradleCiServerTest
2020-02-20 09:00:54 - Running test: declarative / downloadByShaAndBuildNameTest
2020-02-20 09:01:10 - Running test: declarative / promotionTest
2020-02-20 09:01:26 - Running test: declarative / setPropsTest
2020-02-20 09:01:43 - Running test: declarative / xrayScanFailTrueTest
2020-02-20 09:02:15 - Running test: declarative / downloadByAqlTest
2020-02-20 09:02:32 - Running test: declarative / downloadFailNoOpTest
2020-02-20 09:02:48 - Running test: declarative / uploadFailNoOpTest
2020-02-20 09:10:49 - Running test: declarative / goTest
2020-02-20 09:26:48 - Running test: declarative / goTest
2020-02-20 09:41:21 - Running test: declarative / goTest
2020-02-20 17:00:49 - Running test: scripted / npmTest
2020-02-20 17:01:25 - Running test: scripted / goCustomModuleNameTest
2020-02-20 17:01:56 - Running test: scripted / collectIssuesTest
2020-02-20 17:02:18 - Running test: scripted / mavenTest
2020-02-20 17:02:56 - Running test: scripted / downloadNonExistingBuildTest
2020-02-20 17:03:20 - Running test: scripted / xrayScanFailFalseTest
2020-02-20 17:04:27 - Running test: scripted / downloadByPatternTest
2020-02-20 17:04:51 - Running test: scripted / dockerPushTest
2020-02-20 17:05:28 - Running test: scripted / uploadDownloadCustomModuleNameTest
2020-02-20 17:05:52 - Running test: scripted / goTest
2020-02-20 17:06:18 - Running test: scripted / downloadByShaAndBuildTest
2020-02-20 17:06:49 - Running test: scripted / downloadByBuildOnlyTest
2020-02-20 17:07:17 - Running test: scripted / uploadTest
2020-02-20 17:07:40 - Running test: scripted / downloadByPatternAndBuildTest
2020-02-20 17:08:09 - Running test: scripted / deletePropsTest
2020-02-20 17:08:34 - Running test: scripted / npmCustomModuleNameTest
2020-02-20 17:09:10 - Running test: scripted / gradleTest
2020-02-20 17:09:42 - Running test: scripted / gradleCiServerTest
2020-02-20 17:10:22 - Running test: scripted / downloadByShaAndBuildNameTest
2020-02-20 17:10:51 - Running test: scripted / appendBuildInfoTest
2020-02-20 17:11:14 - Running test: scripted / promotionTest
2020-02-20 17:11:40 - Running test: scripted / setPropsTest
2020-02-20 17:12:04 - Running test: scripted / xrayScanFailTrueTest
2020-02-20 17:12:41 - Running test: scripted / downloadByAqlTest
2020-02-20 17:13:03 - Running test: scripted / downloadFailNoOpTest
2020-02-20 17:13:21 - Running test: scripted / uploadFailNoOpTest
2020-02-23 09:02:53 - Running test: scripted / npmTest
2020-02-23 09:03:23 - Running test: scripted / goCustomModuleNameTest
2020-02-23 09:03:43 - Running test: scripted / collectIssuesTest
2020-02-23 09:04:00 - Running test: scripted / mavenTest
2020-02-23 09:04:33 - Running test: scripted / downloadNonExistingBuildTest
2020-02-23 09:04:50 - Running test: scripted / xrayScanFailFalseTest
2020-02-23 09:05:34 - Running test: scripted / downloadByPatternTest
2020-02-23 09:05:53 - Running test: scripted / dockerPushTest
2020-02-23 09:06:20 - Running test: scripted / uploadDownloadCustomModuleNameTest
2020-02-23 09:06:39 - Running test: scripted / goTest
2020-02-23 09:06:58 - Running test: scripted / downloadByShaAndBuildTest
2020-02-23 09:07:22 - Running test: scripted / downloadByBuildOnlyTest
2020-02-23 09:07:44 - Running test: scripted / uploadTest
2020-02-23 09:08:02 - Running test: scripted / downloadByPatternAndBuildTest
2020-02-23 09:08:25 - Running test: scripted / deletePropsTest
2020-02-23 09:08:45 - Running test: scripted / npmCustomModuleNameTest
2020-02-23 09:09:12 - Running test: scripted / gradleTest
2020-02-23 09:09:38 - Running test: scripted / gradleCiServerTest
2020-02-23 09:10:09 - Running test: scripted / downloadByShaAndBuildNameTest
2020-02-23 09:10:33 - Running test: scripted / appendBuildInfoTest
2020-02-23 09:10:51 - Running test: scripted / promotionTest
2020-02-23 09:11:14 - Running test: scripted / setPropsTest
2020-02-23 09:11:33 - Running test: scripted / xrayScanFailTrueTest
2020-02-23 09:12:06 - Running test: scripted / downloadByAqlTest
2020-02-23 09:12:24 - Running test: scripted / downloadFailNoOpTest
2020-02-23 09:12:38 - Running test: scripted / uploadFailNoOpTest
2020-02-23 09:17:44 - Running test: scripted / goCustomModuleNameTest
2020-02-23 09:18:05 - Running test: scripted / goTest
2020-02-23 09:21:32 - Running test: scripted / goTest
2020-02-23 09:22:31 - Running test: scripted / goCustomModuleNameTest
2020-02-23 09:24:06 - Running test: scripted / npmTest
2020-02-23 09:24:36 - Running test: scripted / goCustomModuleNameTest
2020-02-23 09:25:00 - Running test: scripted / collectIssuesTest
2020-02-23 09:25:17 - Running test: scripted / mavenTest
2020-02-23 09:25:48 - Running test: scripted / downloadNonExistingBuildTest
2020-02-23 09:26:04 - Running test: scripted / xrayScanFailFalseTest
2020-02-23 09:27:44 - Running test: scripted / downloadByPatternTest
2020-02-23 09:28:03 - Running test: scripted / dockerPushTest
2020-02-23 09:28:28 - Running test: scripted / uploadDownloadCustomModuleNameTest
2020-02-23 09:28:48 - Running test: scripted / goTest
2020-02-23 09:29:10 - Running test: scripted / downloadByShaAndBuildTest
2020-02-23 09:29:36 - Running test: scripted / downloadByBuildOnlyTest
2020-02-23 09:29:59 - Running test: scripted / uploadTest
2020-02-23 09:30:17 - Running test: scripted / downloadByPatternAndBuildTest
2020-02-23 09:30:40 - Running test: scripted / deletePropsTest
2020-02-23 09:31:00 - Running test: scripted / npmCustomModuleNameTest
2020-02-23 09:31:27 - Running test: scripted / gradleTest
2020-02-23 09:31:53 - Running test: scripted / gradleCiServerTest
2020-02-23 09:32:24 - Running test: scripted / downloadByShaAndBuildNameTest
2020-02-23 09:32:48 - Running test: scripted / appendBuildInfoTest
2020-02-23 09:33:06 - Running test: scripted / promotionTest
2020-02-23 09:33:29 - Running test: scripted / setPropsTest
2020-02-23 09:33:48 - Running test: scripted / xrayScanFailTrueTest
2020-02-23 09:46:33 - Running test: declarative / npmTest
2020-02-23 09:46:59 - Running test: declarative / goCustomModuleNameTest
2020-02-23 09:47:16 - Running test: declarative / collectIssuesTest
2020-02-23 09:47:40 - Running test: declarative / npmTest
2020-02-23 09:48:05 - Running test: declarative / goCustomModuleNameTest
2020-02-23 09:48:21 - Running test: declarative / collectIssuesTest
2020-02-23 09:48:37 - Running test: declarative / mavenTest
2020-02-23 09:49:08 - Running test: declarative / downloadNonExistingBuildTest
2020-02-23 09:58:09 - Running test: declarative / goTest
2020-02-23 10:05:34 - Running test: declarative / goTest
2020-02-23 10:14:46 - Running test: declarative / goTest
2020-02-23 10:19:24 - Running test: declarative / goTest
2020-02-23 10:28:15 - Running test: declarative / goTest
2020-02-23 10:29:04 - Running test: declarative / npmCustomModuleNameTest
2020-02-23 10:56:26 - Running test: declarative / npmCustomModuleNameTest
2020-02-23 11:09:34 - Running test: declarative / goTest
2020-02-23 11:24:05 - Running test: declarative / goTest
2020-02-23 11:35:42 - Running test: declarative / goTest
2020-02-23 11:59:20 - Running test: declarative / goTest
2020-02-23 12:19:22 - Running test: declarative / goTest
2020-02-23 12:25:20 - Running test: declarative / goTest
2020-02-23 12:27:31 - Running test: declarative / goTest
2020-02-23 12:30:46 - Running test: declarative / goTest
2020-02-23 12:33:42 - Running test: declarative / goTest
2020-02-23 12:37:03 - Running test: declarative / goTest
2020-02-23 12:42:27 - Running test: declarative / goTest
2020-02-23 13:46:08 - Running test: declarative / goTest
2020-02-23 13:48:29 - Running test: declarative / goTest
2020-02-23 13:51:28 - Running test: declarative / goTest
2020-02-23 13:55:16 - Running test: declarative / goTest
2020-02-23 13:57:06 - Running test: declarative / goTest
2020-02-23 14:00:42 - Running test: scripted / npmTest
2020-02-23 14:01:13 - Running test: scripted / goCustomModuleNameTest
2020-02-23 14:01:38 - Running test: scripted / collectIssuesTest
2020-02-23 14:01:54 - Running test: scripted / mavenTest
2020-02-23 14:02:26 - Running test: scripted / downloadNonExistingBuildTest
2020-02-23 14:02:44 - Running test: scripted / xrayScanFailFalseTest
2020-02-23 14:03:33 - Running test: scripted / downloadByPatternTest
2020-02-23 14:03:52 - Running test: scripted / dockerPushTest
2020-02-23 14:04:16 - Running test: scripted / uploadDownloadCustomModuleNameTest
2020-02-23 14:04:36 - Running test: scripted / goTest
2020-02-23 14:04:58 - Running test: scripted / downloadByShaAndBuildTest
2020-02-23 14:05:23 - Running test: scripted / downloadByBuildOnlyTest
2020-02-23 14:05:46 - Running test: scripted / uploadTest
2020-02-23 14:06:03 - Running test: scripted / downloadByPatternAndBuildTest
2020-02-23 14:06:27 - Running test: scripted / deletePropsTest
2020-02-23 14:06:48 - Running test: scripted / npmCustomModuleNameTest
2020-02-23 14:07:15 - Running test: scripted / gradleTest
2020-02-23 14:07:42 - Running test: scripted / gradleCiServerTest
2020-02-23 14:08:13 - Running test: scripted / downloadByShaAndBuildNameTest
2020-02-23 14:08:51 - Running test: scripted / appendBuildInfoTest
2020-02-23 14:09:09 - Running test: scripted / promotionTest
2020-02-23 14:09:31 - Running test: scripted / setPropsTest
2020-02-23 14:09:51 - Running test: scripted / xrayScanFailTrueTest
2020-02-23 14:10:31 - Running test: scripted / downloadByAqlTest
2020-02-23 14:10:48 - Running test: scripted / downloadFailNoOpTest
2020-02-23 14:11:03 - Running test: scripted / uploadFailNoOpTest
2020-02-23 14:11:21 - Running test: declarative / npmTest
2020-02-23 14:11:50 - Running test: declarative / goCustomModuleNameTest
2020-02-23 14:12:16 - Running test: declarative / collectIssuesTest
2020-02-23 14:12:34 - Running test: declarative / mavenTest
2020-02-23 14:13:06 - Running test: declarative / downloadNonExistingBuildTest
2020-02-23 14:13:24 - Running test: declarative / xrayScanFailFalseTest
2020-02-23 14:14:09 - Running test: declarative / downloadByPatternTest
2020-02-23 14:14:28 - Running test: declarative / dockerPushTest
2020-02-23 14:14:54 - Running test: declarative / uploadDownloadCustomModuleNameTest
2020-02-23 14:15:14 - Running test: declarative / goTest
2020-02-23 14:15:38 - Running test: declarative / downloadByShaAndBuildTest
2020-02-23 14:16:04 - Running test: declarative / downloadByBuildOnlyTest
2020-02-23 14:16:28 - Running test: declarative / uploadTest
2020-02-23 14:16:45 - Running test: declarative / downloadByPatternAndBuildTest
2020-02-23 14:17:08 - Running test: declarative / deletePropsTest
2020-02-23 14:17:28 - Running test: declarative / npmCustomModuleNameTest
2020-02-23 14:17:56 - Running test: declarative / gradleTest
2020-02-23 14:18:28 - Running test: declarative / gradleCiServerTest
2020-02-23 14:19:37 - Running test: declarative / downloadByShaAndBuildNameTest
2020-02-23 14:20:04 - Running test: declarative / promotionTest
2020-02-23 14:20:24 - Running test: declarative / setPropsTest
2020-02-23 14:20:47 - Running test: declarative / xrayScanFailTrueTest
2020-02-23 14:21:16 - Running test: declarative / downloadByAqlTest
2020-02-23 14:21:35 - Running test: declarative / downloadFailNoOpTest
2020-02-23 14:21:49 - Running test: declarative / uploadFailNoOpTest
2020-02-23 14:27:18 - Running test: declarative / npmTest
2020-02-23 14:27:53 - Running test: declarative / goCustomModuleNameTest
2020-02-23 14:28:22 - Running test: declarative / collectIssuesTest
2020-02-23 14:28:38 - Running test: declarative / mavenTest
2020-02-23 14:29:15 - Running test: declarative / downloadNonExistingBuildTest
2020-02-23 14:29:33 - Running test: declarative / xrayScanFailFalseTest
2020-02-23 14:30:19 - Running test: declarative / downloadByPatternTest
2020-02-23 14:30:39 - Running test: declarative / dockerPushTest
2020-02-23 14:33:46 - Running test: declarative / npmTest
2020-02-23 14:34:19 - Running test: declarative / goCustomModuleNameTest
2020-02-23 14:35:40 - Running test: declarative / npmTest
2020-02-23 15:13:05 - Running test: declarative / npmTest
2020-02-23 15:27:03 - Running test: declarative / npmTest
2020-02-23 15:38:41 - Running test: declarative / npmTest
2020-02-23 15:39:36 - Running test: declarative / npmTest
2020-02-23 15:45:50 - Running test: declarative / npmTest
2020-02-23 15:46:23 - Running test: declarative / goCustomModuleNameTest
2020-02-23 15:46:49 - Running test: declarative / collectIssuesTest
2020-02-23 15:47:08 - Running test: declarative / mavenTest
2020-02-23 15:47:44 - Running test: declarative / downloadNonExistingBuildTest
2020-02-23 15:48:03 - Running test: declarative / xrayScanFailFalseTest
2020-02-23 15:48:48 - Running test: declarative / downloadByPatternTest
2020-02-23 15:49:09 - Running test: declarative / dockerPushTest
2020-02-23 15:49:39 - Running test: declarative / uploadDownloadCustomModuleNameTest
2020-02-23 15:50:00 - Running test: declarative / goTest
2020-02-23 15:53:58 - Running test: declarative / npmTest
2020-02-23 15:54:32 - Running test: declarative / goCustomModuleNameTest
2020-02-23 15:55:03 - Running test: declarative / collectIssuesTest
2020-02-23 15:55:38 - Running test: declarative / npmTest
2020-02-23 15:58:43 - Running test: declarative / npmTest
2020-02-24 10:19:37 - Running test: declarative / npmTest
2020-03-06 11:24:19 - Running test: scripted / npmTest
2020-03-06 11:24:58 - Running test: scripted / goCustomModuleNameTest
2020-03-06 11:25:32 - Running test: scripted / collectIssuesTest
2020-03-06 11:25:52 - Running test: scripted / mavenTest
2020-03-06 11:26:34 - Running test: scripted / downloadNonExistingBuildTest
2020-03-06 11:26:56 - Running test: scripted / xrayScanFailFalseTest
2020-03-06 11:28:05 - Running test: scripted / downloadByPatternTest
2020-03-06 11:28:28 - Running test: scripted / dockerPushTest
2020-03-06 11:29:01 - Running test: scripted / uploadDownloadCustomModuleNameTest
2020-03-06 11:29:24 - Running test: scripted / goTest
2020-03-06 11:29:55 - Running test: scripted / downloadByShaAndBuildTest
2020-03-06 11:30:23 - Running test: scripted / downloadByBuildOnlyTest
2020-03-06 11:30:50 - Running test: scripted / uploadTest
2020-03-06 11:31:12 - Running test: scripted / downloadByPatternAndBuildTest
2020-03-06 11:31:38 - Running test: scripted / deletePropsTest
2020-03-06 11:32:02 - Running test: scripted / npmCustomModuleNameTest
2020-03-06 11:32:33 - Running test: scripted / gradleTest
2020-03-06 11:33:14 - Running test: scripted / gradleCiServerTest
2020-03-06 11:34:08 - Running test: scripted / downloadByShaAndBuildNameTest
2020-03-06 11:34:36 - Running test: scripted / appendBuildInfoTest
2020-03-06 11:34:58 - Running test: scripted / promotionTest
2020-03-06 11:35:24 - Running test: scripted / setPropsTest
2020-03-06 11:35:47 - Running test: scripted / xrayScanFailTrueTest
2020-03-06 11:36:31 - Running test: scripted / downloadByAqlTest
2020-03-06 11:36:52 - Running test: scripted / downloadFailNoOpTest
2020-03-06 11:37:09 - Running test: scripted / uploadFailNoOpTest
2020-03-06 11:37:30 - Running test: declarative / npmTest
2020-03-06 11:38:03 - Running test: declarative / goCustomModuleNameTest
2020-03-06 11:38:35 - Running test: declarative / collectIssuesTest
2020-03-06 11:38:54 - Running test: declarative / mavenTest
2020-03-06 11:39:39 - Running test: declarative / downloadNonExistingBuildTest
2020-03-06 11:40:00 - Running test: declarative / xrayScanFailFalseTest
2020-03-06 11:40:43 - Running test: declarative / downloadByPatternTest
2020-03-06 11:41:06 - Running test: declarative / dockerPushTest
2020-03-06 11:41:40 - Running test: declarative / uploadDownloadCustomModuleNameTest
2020-03-06 11:42:03 - Running test: declarative / goTest
2020-03-06 11:42:32 - Running test: declarative / downloadByShaAndBuildTest
2020-03-06 11:43:01 - Running test: declarative / downloadByBuildOnlyTest
2020-03-06 11:43:29 - Running test: declarative / uploadTest
2020-03-06 11:43:50 - Running test: declarative / downloadByPatternAndBuildTest
2020-03-06 11:44:17 - Running test: declarative / deletePropsTest
2020-03-06 11:44:40 - Running test: declarative / npmCustomModuleNameTest
2020-03-06 11:45:11 - Running test: declarative / gradleTest
2020-03-06 11:45:51 - Running test: declarative / gradleCiServerTest
2020-03-06 11:46:32 - Running test: declarative / downloadByShaAndBuildNameTest
2020-03-06 11:47:02 - Running test: declarative / promotionTest
2020-03-06 11:47:29 - Running test: declarative / setPropsTest
2020-03-06 11:47:53 - Running test: declarative / xrayScanFailTrueTest
2020-03-06 11:48:37 - Running test: declarative / downloadByAqlTest
2020-03-06 11:48:58 - Running test: declarative / downloadFailNoOpTest
2020-03-06 11:49:15 - Running test: declarative / uploadFailNoOpTest
2020-06-22 15:56:17 - Running test: declarative / conanTest
2020-06-22 16:01:23 - Running test: declarative / conanTest
2020-06-22 16:05:33 - Running test: declarative / conanTest
2020-06-22 16:10:03 - Running test: declarative / conanTest
2020-06-22 16:13:44 - Running test: declarative / conanTest
2020-06-22 16:20:23 - Running test: declarative / conanTest
2020-06-22 16:25:38 - Running test: declarative / conanTest
2020-06-22 16:30:08 - Running test: declarative / conanTest
2020-06-22 16:38:48 - Running test: scripted / conanTest
2020-06-22 16:40:25 - Running test: scripted / conanTest
2020-06-22 20:22:24 - Running test: declarative / npmTest
2020-06-22 20:22:46 - Running test: declarative / goCustomModuleNameTest
2020-06-22 20:23:03 - Running test: declarative / collectIssuesTest
2020-06-22 20:23:08 - Running test: declarative / mavenTest
2020-06-22 20:24:42 - Running test: declarative / downloadNonExistingBuildTest
2020-06-22 20:24:49 - Running test: declarative / xrayScanFailFalseTest
2020-06-22 20:25:39 - Running test: declarative / downloadByPatternTest
2020-06-22 20:25:46 - Running test: declarative / dockerPushTest
2020-06-22 20:25:47 - Running test: declarative / uploadDownloadCustomModuleNameTest
2020-06-22 20:25:56 - Running test: declarative / goTest
2020-06-22 20:26:14 - Running test: declarative / conanTest
2020-06-22 20:26:33 - Running test: declarative / downloadByShaAndBuildTest
2020-06-22 20:26:49 - Running test: declarative / downloadByBuildOnlyTest
2020-06-22 20:27:04 - Running test: declarative / uploadTest
2020-06-22 20:27:10 - Running test: declarative / downloadByPatternAndBuildTest
2020-06-22 20:27:23 - Running test: declarative / deletePropsTest
2020-06-22 20:27:32 - Running test: declarative / npmCustomModuleNameTest
2020-06-22 20:27:47 - Running test: declarative / gradleTest
2020-06-22 20:28:12 - Running test: declarative / gradleCiServerTest
2020-06-22 20:28:41 - Running test: declarative / downloadByShaAndBuildNameTest
2020-06-22 20:28:56 - Running test: declarative / promotionTest
2020-06-22 20:29:08 - Running test: declarative / setPropsTest
2020-06-22 20:29:17 - Running test: declarative / xrayScanFailTrueTest
2020-06-22 20:29:47 - Running test: declarative / downloadByAqlTest
2020-06-22 20:29:54 - Running test: declarative / downloadFailNoOpTest
2020-06-22 20:29:56 - Running test: declarative / uploadFailNoOpTest
2020-06-22 20:31:30 - Running test: declarative / npmTest
2020-06-22 20:31:53 - Running test: declarative / goCustomModuleNameTest
2020-06-22 20:32:09 - Running test: declarative / collectIssuesTest
2020-06-22 20:32:14 - Running test: declarative / mavenTest
2020-06-22 20:32:43 - Running test: declarative / downloadNonExistingBuildTest
2020-06-22 20:32:49 - Running test: declarative / xrayScanFailFalseTest
2020-06-22 20:39:48 - Running test: declarative / gradleTest
2020-06-22 20:41:05 - Running test: declarative / gradleCiServerTest
2020-06-22 20:44:12 - Running test: scripted / gradleTest
2020-06-22 20:45:50 - Running test: scripted / gradleCiServerTest
2020-06-22 20:47:50 - Running test: scripted / npmTest
2020-06-22 20:48:13 - Running test: scripted / goCustomModuleNameTest
2020-06-22 20:48:29 - Running test: scripted / collectIssuesTest
2020-06-22 20:48:34 - Running test: scripted / mavenTest
2020-06-22 20:49:03 - Running test: scripted / downloadNonExistingBuildTest
2020-06-22 20:49:10 - Running test: scripted / xrayScanFailFalseTest
2020-06-22 20:50:00 - Running test: scripted / downloadByPatternTest
2020-06-22 20:50:06 - Running test: scripted / dockerPushTest
2020-06-22 20:50:08 - Running test: scripted / uploadDownloadCustomModuleNameTest
2020-06-22 20:50:16 - Running test: scripted / goTest
2020-06-22 20:50:46 - Running test: scripted / downloadByShaAndBuildTest
2020-06-22 20:51:18 - Running test: scripted / downloadByBuildOnlyTest
2020-06-22 20:51:31 - Running test: scripted / uploadTest
2020-06-22 20:51:39 - Running test: scripted / downloadByPatternAndBuildTest
2020-06-22 20:51:52 - Running test: scripted / deletePropsTest
2020-06-22 20:52:00 - Running test: scripted / npmCustomModuleNameTest
2020-06-22 20:52:14 - Running test: scripted / gradleTest
2020-06-22 20:52:39 - Running test: scripted / gradleCiServerTest
2020-06-22 20:53:08 - Running test: scripted / downloadByShaAndBuildNameTest
2020-06-22 20:53:24 - Running test: scripted / appendBuildInfoTest
2020-06-22 20:53:31 - Running test: scripted / promotionTest
2020-06-22 20:53:43 - Running test: scripted / setPropsTest
2020-06-22 20:53:52 - Running test: scripted / xrayScanFailTrueTest
2020-06-22 20:54:22 - Running test: scripted / downloadByAqlTest
2020-06-22 20:54:29 - Running test: scripted / downloadFailNoOpTest
2020-06-22 20:54:30 - Running test: scripted / uploadFailNoOpTest
2020-06-22 20:55:14 - Running test: declarative / npmTest
2020-06-22 20:55:33 - Running test: declarative / goCustomModuleNameTest
2020-06-22 20:55:49 - Running test: declarative / collectIssuesTest
2020-06-22 20:55:54 - Running test: declarative / mavenTest
2020-06-22 20:56:20 - Running test: declarative / downloadNonExistingBuildTest
2020-06-22 20:56:26 - Running test: declarative / xrayScanFailFalseTest
2020-06-22 21:05:33 - Running test: declarative / downloadByPatternTest
2020-06-22 21:05:42 - Running test: declarative / dockerPushTest
2020-06-22 21:05:43 - Running test: declarative / uploadDownloadCustomModuleNameTest
2020-06-22 21:05:51 - Running test: declarative / goTest
2020-06-22 21:06:07 - Running test: declarative / downloadByShaAndBuildTest
2020-06-22 21:06:22 - Running test: declarative / downloadByBuildOnlyTest
2020-06-22 21:06:39 - Running test: declarative / uploadTest
2020-06-22 21:06:46 - Running test: declarative / downloadByPatternAndBuildTest
2020-06-22 21:06:58 - Running test: declarative / deletePropsTest
2020-06-22 21:07:08 - Running test: declarative / npmCustomModuleNameTest
2020-06-22 21:07:22 - Running test: declarative / gradleTest
2020-06-22 21:07:48 - Running test: declarative / gradleCiServerTest
2020-06-22 21:08:17 - Running test: declarative / downloadByShaAndBuildNameTest
2020-06-22 21:08:31 - Running test: declarative / promotionTest
2020-06-22 21:08:43 - Running test: declarative / setPropsTest
2020-06-22 21:08:53 - Running test: declarative / xrayScanFailTrueTest
2020-06-22 21:09:42 - Running test: declarative / downloadByAqlTest
2020-06-22 21:09:49 - Running test: declarative / downloadFailNoOpTest
2020-06-22 21:09:51 - Running test: declarative / uploadFailNoOpTest
2020-06-23 10:35:47 - Running test: scripted / gradleTest
2020-06-23 11:03:16 - Running test: scripted / gradleTest
2020-06-23 11:08:08 - Running test: scripted / gradleTest
2020-06-23 11:10:54 - Running test: scripted / gradleTest
2020-06-23 11:24:11 - Running test: scripted / gradleTest
2020-06-23 11:41:30 - Running test: scripted / gradleTest
2020-06-23 12:31:42 - Running test: scripted / gradleTest
2020-06-23 12:40:48 - Running test: scripted / mavenTest
2020-06-23 14:25:10 - Running test: scripted / npmTest
2020-06-23 14:25:14 - Running test: scripted / goCustomModuleNameTest
2020-06-23 14:25:16 - Running test: scripted / collectIssuesTest
2020-06-23 14:25:19 - Running test: scripted / mavenTest
2020-06-23 14:25:26 - Running test: scripted / downloadNonExistingBuildTest
2020-06-23 14:25:34 - Running test: scripted / xrayScanFailFalseTest
2020-06-23 14:25:38 - Running test: scripted / downloadByPatternTest
2020-06-23 14:25:44 - Running test: scripted / dockerPushTest
2020-06-23 14:26:16 - Running test: scripted / npmTest
2020-06-23 14:34:49 - Running test: scripted / gradleTest
2020-06-23 14:37:16 - Running test: scripted / gradleTest
2020-06-23 14:39:01 - Running test: scripted / gradleTest
2020-06-23 14:42:16 - Running test: scripted / gradleTest
2020-06-23 14:48:27 - Running test: scripted / gradleTest
2020-06-23 14:49:45 - Running test: scripted / gradleTest
2020-06-23 14:51:23 - Running test: scripted / npmTest
2020-06-23 14:51:27 - Running test: scripted / goCustomModuleNameTest
2020-06-23 14:51:28 - Running test: scripted / collectIssuesTest
2020-06-23 14:51:29 - Running test: scripted / mavenTest
2020-06-23 14:51:31 - Running test: scripted / downloadNonExistingBuildTest
2020-06-23 14:51:32 - Running test: scripted / xrayScanFailFalseTest
2020-06-23 14:51:33 - Running test: scripted / downloadByPatternTest
2020-06-23 14:51:36 - Running test: scripted / dockerPushTest
2020-06-23 14:51:39 - Running test: scripted / uploadDownloadCustomModuleNameTest
2020-06-23 14:51:40 - Running test: scripted / goTest
2020-06-23 14:51:41 - Running test: scripted / downloadByShaAndBuildTest
2020-06-23 14:51:42 - Running test: scripted / downloadByBuildOnlyTest
2020-06-23 14:51:43 - Running test: scripted / uploadTest
2020-06-23 14:51:44 - Running test: scripted / downloadByPatternAndBuildTest
2020-06-23 14:51:45 - Running test: scripted / deletePropsTest
2020-06-23 14:51:46 - Running test: scripted / npmCustomModuleNameTest
2020-06-23 14:51:48 - Running test: scripted / gradleTest
2020-06-23 14:51:49 - Running test: scripted / gradleCiServerTest
2020-06-23 14:51:50 - Running test: scripted / downloadByShaAndBuildNameTest
2020-06-23 14:51:51 - Running test: scripted / appendBuildInfoTest
2020-06-23 14:51:52 - Running test: scripted / promotionTest
2020-06-23 14:51:54 - Running test: scripted / setPropsTest
2020-06-23 14:51:55 - Running test: scripted / xrayScanFailTrueTest
2020-06-23 14:51:57 - Running test: scripted / downloadByAqlTest
2020-06-23 14:51:59 - Running test: scripted / downloadFailNoOpTest
2020-06-23 14:52:00 - Running test: scripted / uploadFailNoOpTest
2020-06-23 14:52:37 - Running test: scripted / gradleTest
2020-06-23 14:52:44 - Running test: declarative / npmTest
2020-06-23 14:53:12 - Running test: declarative / jfPipelinesReportStatusTest
2020-06-23 14:53:15 - Running test: declarative / goCustomModuleNameTest
2020-06-23 14:53:29 - Running test: declarative / collectIssuesTest
2020-06-23 14:53:33 - Running test: declarative / mavenTest
2020-06-23 14:53:53 - Running test: declarative / downloadNonExistingBuildTest
2020-06-23 14:53:59 - Running test: declarative / xrayScanFailFalseTest
2020-06-23 14:54:39 - Running test: declarative / downloadByPatternTest
2020-06-23 14:54:45 - Running test: declarative / dockerPushTest
2020-06-23 14:55:02 - Running test: declarative / uploadDownloadCustomModuleNameTest
2020-06-23 14:55:10 - Running test: declarative / goTest
2020-06-23 14:55:19 - Running test: declarative / downloadByShaAndBuildTest
2020-06-23 14:55:31 - Running test: declarative / downloadByBuildOnlyTest
2020-06-23 14:55:43 - Running test: declarative / uploadTest
2020-06-23 14:55:48 - Running test: declarative / downloadByPatternAndBuildTest
2020-06-23 14:55:59 - Running test: declarative / deletePropsTest
2020-06-23 14:56:06 - Running test: declarative / npmCustomModuleNameTest
2020-06-23 14:56:21 - Running test: declarative / gradleTest
2020-06-23 14:56:38 - Running test: declarative / gradleCiServerTest
2020-06-23 14:56:59 - Running test: declarative / downloadByShaAndBuildNameTest
2020-06-23 14:57:11 - Running test: declarative / promotionTest
2020-06-23 14:57:21 - Running test: declarative / setPropsTest
2020-06-23 15:00:57 - Running test: scripted / gradleTest
2020-06-23 15:08:50 - Running test: scripted / gradleTest
2020-06-23 15:16:08 - Running test: scripted / gradleTest
2020-06-23 15:17:28 - Running test: scripted / gradleTest
2020-06-23 15:22:58 - Running test: scripted / gradleTest
2020-06-23 15:25:54 - Running test: scripted / gradleTest
2020-06-23 15:28:48 - Running test: scripted / gradleTest
2020-06-23 15:32:52 - Running test: scripted / gradleTest
2020-06-23 15:36:16 - Running test: scripted / gradleTest
2020-06-23 16:02:54 - Running test: scripted / gradleTest
2020-06-23 16:04:26 - Running test: scripted / gradleTest
2020-06-23 16:41:39 - Running test: scripted / gradleTest
2020-06-23 16:47:02 - Running test: scripted / gradleTest
2020-06-23 16:48:46 - Running test: scripted / npmTest
2020-06-23 16:49:07 - Running test: scripted / goCustomModuleNameTest
2020-06-23 16:49:20 - Running test: scripted / collectIssuesTest
2020-06-23 16:49:24 - Running test: scripted / mavenTest
2020-06-23 16:49:43 - Running test: scripted / downloadNonExistingBuildTest
2020-06-23 16:49:49 - Running test: scripted / xrayScanFailFalseTest
2020-06-23 16:50:18 - Running test: scripted / downloadByPatternTest
2020-06-23 16:50:25 - Running test: scripted / dockerPushTest
2020-06-23 16:50:42 - Running test: scripted / uploadDownloadCustomModuleNameTest
2020-06-23 16:50:51 - Running test: scripted / goTest
2020-06-23 16:51:01 - Running test: scripted / downloadByShaAndBuildTest
2020-06-23 16:51:14 - Running test: scripted / downloadByBuildOnlyTest
2020-06-23 16:51:26 - Running test: scripted / uploadTest
2020-06-23 16:51:31 - Running test: scripted / downloadByPatternAndBuildTest
2020-06-23 16:51:43 - Running test: scripted / deletePropsTest
2020-06-23 16:56:53 - Running test: scripted / npmCustomModuleNameTest
2020-06-23 16:57:06 - Running test: scripted / gradleTest
2020-06-23 16:57:26 - Running test: scripted / gradleCiServerTest
2020-06-23 16:57:46 - Running test: scripted / downloadByShaAndBuildNameTest
2020-06-23 16:57:59 - Running test: scripted / appendBuildInfoTest
2020-06-23 16:58:06 - Running test: scripted / promotionTest
2020-06-23 16:58:16 - Running test: scripted / setPropsTest
2020-06-23 16:58:23 - Running test: scripted / xrayScanFailTrueTest
2020-06-23 16:58:44 - Running test: scripted / downloadByAqlTest
2020-06-23 16:58:50 - Running test: scripted / downloadFailNoOpTest
2020-06-23 16:58:52 - Running test: scripted / uploadFailNoOpTest
2020-06-23 17:29:17 - Running test: declarative / npmTest
2020-06-23 17:29:37 - Running test: declarative / jfPipelinesReportStatusTest
2020-06-23 17:29:40 - Running test: declarative / goCustomModuleNameTest
2020-06-23 17:29:55 - Running test: declarative / collectIssuesTest
2020-06-23 17:29:59 - Running test: declarative / mavenTest
2020-06-23 17:30:22 - Running test: declarative / downloadNonExistingBuildTest
2020-06-23 17:30:27 - Running test: declarative / xrayScanFailFalseTest
2020-06-23 17:30:59 - Running test: declarative / downloadByPatternTest
2020-06-23 17:31:06 - Running test: declarative / dockerPushTest
2020-06-23 17:31:21 - Running test: declarative / uploadDownloadCustomModuleNameTest
2020-06-23 17:31:28 - Running test: declarative / goTest
2020-06-23 17:31:39 - Running test: declarative / downloadByShaAndBuildTest
2020-06-23 17:31:52 - Running test: declarative / downloadByBuildOnlyTest
2020-06-23 17:32:04 - Running test: declarative / uploadTest
2020-06-23 17:32:09 - Running test: declarative / downloadByPatternAndBuildTest
2020-06-23 17:32:20 - Running test: declarative / deletePropsTest
2020-06-23 17:32:28 - Running test: declarative / npmCustomModuleNameTest
2020-06-23 17:32:42 - Running test: declarative / gradleTest
2020-06-23 17:32:59 - Running test: declarative / gradleCiServerTest
2020-06-23 17:33:22 - Running test: declarative / downloadByShaAndBuildNameTest
2020-06-23 17:33:35 - Running test: declarative / promotionTest
2020-06-23 17:33:45 - Running test: declarative / setPropsTest
2020-06-23 17:33:53 - Running test: declarative / jfPipelinesOutputResourcesTest
2020-06-23 17:33:55 - Running test: declarative / xrayScanFailTrueTest
2020-06-23 17:34:17 - Running test: declarative / downloadByAqlTest
2020-06-23 17:34:24 - Running test: declarative / downloadFailNoOpTest
2020-06-23 17:34:26 - Running test: declarative / uploadFailNoOpTest
2020-06-23 19:00:52 - Running test: declarative / npmTest
2020-06-23 19:00:58 - Running test: declarative / jfPipelinesReportStatusTest
2020-06-23 19:01:09 - Running test: declarative / goCustomModuleNameTest
2020-06-23 19:04:06 - Running test: declarative / collectIssuesTest
2020-06-23 19:04:22 - Running test: declarative / mavenTest
2020-06-23 19:04:58 - Running test: declarative / downloadNonExistingBuildTest
2020-06-23 19:05:14 - Running test: declarative / xrayScanFailFalseTest
2020-06-23 19:06:58 - Running test: declarative / downloadByPatternTest
2020-06-23 19:07:23 - Running test: declarative / dockerPushTest
2020-06-23 19:08:01 - Running test: declarative / uploadDownloadCustomModuleNameTest
2020-06-23 19:08:10 - Running test: declarative / goTest
2020-06-23 19:08:56 - Running test: declarative / downloadByShaAndBuildTest
2020-06-23 19:09:28 - Running test: declarative / downloadByBuildOnlyTest
2020-06-23 19:09:58 - Running test: declarative / uploadTest
2020-06-23 19:10:12 - Running test: declarative / downloadByPatternAndBuildTest
2020-06-23 19:10:37 - Running test: declarative / deletePropsTest
2020-06-23 19:10:45 - Running test: declarative / npmCustomModuleNameTest
2020-06-23 19:10:47 - Running test: declarative / gradleTest
2020-06-23 19:11:29 - Running test: declarative / gradleCiServerTest
2020-06-23 19:11:33 - Running test: declarative / downloadByShaAndBuildNameTest
2020-06-23 19:12:07 - Running test: declarative / promotionTest
2020-06-23 19:12:32 - Running test: declarative / setPropsTest
2020-06-23 19:13:00 - Running test: declarative / jfPipelinesOutputResourcesTest
2020-06-23 19:13:09 - Running test: declarative / xrayScanFailTrueTest
2020-06-23 19:13:42 - Running test: declarative / downloadByAqlTest
2020-06-23 19:13:49 - Running test: declarative / downloadFailNoOpTest
2020-06-23 19:13:51 - Running test: declarative / uploadFailNoOpTest
2020-06-23 20:26:25 - Running test: declarative / npmTest
2020-06-23 20:26:30 - Running test: declarative / mavenTest
2020-06-23 20:26:31 - Running test: declarative / npmCustomModuleNameTest
2020-06-23 20:26:33 - Running test: declarative / gradleCiServerTest
2020-06-24 08:26:17 - Running test: declarative / npmTest
2020-06-24 08:26:22 - Running test: declarative / jfPipelinesReportStatusTest
2020-06-24 08:26:25 - Running test: declarative / goCustomModuleNameTest
2020-06-24 08:26:42 - Running test: declarative / collectIssuesTest
2020-06-24 08:26:47 - Running test: declarative / mavenTest
2020-06-24 08:26:49 - Running test: declarative / downloadNonExistingBuildTest
2020-06-24 08:26:56 - Running test: declarative / xrayScanFailFalseTest
2020-06-24 08:27:48 - Running test: declarative / downloadByPatternTest
2020-06-24 08:27:55 - Running test: declarative / dockerPushTest
2020-06-24 08:28:13 - Running test: declarative / uploadDownloadCustomModuleNameTest
2020-06-24 08:28:22 - Running test: declarative / goTest
2020-06-24 08:28:36 - Running test: declarative / downloadByShaAndBuildTest
2020-06-24 08:28:49 - Running test: declarative / downloadByBuildOnlyTest
2020-06-24 08:29:01 - Running test: declarative / uploadTest
2020-06-24 08:29:08 - Running test: declarative / downloadByPatternAndBuildTest
2020-06-24 08:29:19 - Running test: declarative / deletePropsTest
2020-06-24 08:29:27 - Running test: declarative / npmCustomModuleNameTest
2020-06-24 08:29:28 - Running test: declarative / gradleTest
2020-06-24 08:29:55 - Running test: declarative / gradleCiServerTest
2020-06-24 08:29:57 - Running test: declarative / downloadByShaAndBuildNameTest
2020-06-24 08:30:11 - Running test: declarative / promotionTest
2020-06-24 08:30:22 - Running test: declarative / setPropsTest
2020-06-24 08:30:30 - Running test: declarative / jfPipelinesOutputResourcesTest
2020-06-24 08:30:32 - Running test: declarative / xrayScanFailTrueTest
2020-06-24 08:31:02 - Running test: declarative / downloadByAqlTest
2020-06-24 08:31:09 - Running test: declarative / downloadFailNoOpTest
2020-06-24 08:31:11 - Running test: declarative / uploadFailNoOpTest
2020-06-24 08:56:24 - Running test: declarative / npmTest
2020-06-24 09:05:27 - Running test: declarative / npmTest
2020-06-24 09:05:49 - Running test: declarative / jfPipelinesReportStatusTest
2020-06-24 09:05:52 - Running test: declarative / goCustomModuleNameTest
2020-06-24 09:06:09 - Running test: declarative / collectIssuesTest
2020-06-24 09:06:13 - Running test: declarative / mavenTest
2020-06-24 09:06:44 - Running test: declarative / downloadNonExistingBuildTest
2020-06-24 09:06:50 - Running test: declarative / xrayScanFailFalseTest
2020-06-24 09:07:44 - Running test: declarative / downloadByPatternTest
2020-06-24 09:07:51 - Running test: declarative / dockerPushTest
2020-06-24 09:08:12 - Running test: declarative / uploadDownloadCustomModuleNameTest
2020-06-24 09:08:20 - Running test: declarative / goTest
2020-06-24 09:08:36 - Running test: declarative / downloadByShaAndBuildTest
2020-06-24 09:08:50 - Running test: declarative / downloadByBuildOnlyTest
2020-06-24 09:09:02 - Running test: declarative / uploadTest
2020-06-24 09:09:08 - Running test: declarative / downloadByPatternAndBuildTest
2020-06-24 09:09:19 - Running test: declarative / deletePropsTest
2020-06-24 09:09:27 - Running test: declarative / npmCustomModuleNameTest
2020-06-24 09:09:43 - Running test: declarative / gradleTest
2020-06-24 09:10:08 - Running test: declarative / gradleCiServerTest
2020-06-24 09:10:37 - Running test: declarative / downloadByShaAndBuildNameTest
2020-06-24 09:10:51 - Running test: declarative / promotionTest
2020-06-24 09:11:02 - Running test: declarative / setPropsTest
2020-06-24 09:11:11 - Running test: declarative / jfPipelinesOutputResourcesTest
2020-06-24 09:11:13 - Running test: declarative / xrayScanFailTrueTest
2020-06-24 09:11:45 - Running test: declarative / downloadByAqlTest
2020-06-24 09:11:52 - Running test: declarative / downloadFailNoOpTest
2020-06-24 09:11:53 - Running test: declarative / uploadFailNoOpTest
2020-06-24 09:13:43 - Running test: declarative / xrayScanFailFalseTest
2020-06-24 09:33:31 - Running test: scripted / conanTest
2020-06-24 09:40:04 - Running test: scripted / conanTest
2020-06-24 09:48:21 - Running test: scripted / conanTest
2020-06-24 09:51:04 - Running test: scripted / conanTest
2020-06-24 10:05:56 - Running test: scripted / conanTest
2020-06-24 10:39:15 - Running test: scripted / conanTest
2020-06-24 10:42:08 - Running test: scripted / conanTest
2020-06-24 10:49:27 - Running test: scripted / conanTest
2020-06-24 11:00:49 - Running test: scripted / conanTest
2020-06-24 11:03:38 - Running test: scripted / conanTest
2020-06-24 11:10:37 - Running test: scripted / conanTest
2020-06-24 11:18:02 - Running test: scripted / conanTest
2020-06-24 11:19:56 - Running test: scripted / conanTest
2020-06-24 11:24:37 - Running test: scripted / conanTest
2020-06-24 11:41:01 - Running test: scripted / conanTest
2020-06-24 12:30:58 - Running test: scripted / conanTest
2020-06-24 12:33:15 - Running test: scripted / conanTest
2020-06-24 12:35:00 - Running test: scripted / conanTest
2020-06-24 12:44:18 - Running test: scripted / conanTest
2020-06-24 12:53:07 - Running test: scripted / conanTest
2020-06-24 13:13:32 - Running test: scripted / conanTest
2020-06-24 13:26:19 - Running test: scripted / conanTest
2020-06-24 13:28:19 - Running test: scripted / conanTest
2020-06-24 13:31:31 - Running test: scripted / conanTest
2020-06-24 13:37:15 - Running test: scripted / conanTest
2020-06-24 13:48:58 - Running test: scripted / conanTest
2020-06-24 13:52:16 - Running test: scripted / conanTest
2020-06-24 14:12:00 - Running test: scripted / conanTest
2020-06-24 14:14:06 - Running test: scripted / conanTest
2020-06-24 14:15:42 - Running test: scripted / conanTest
2020-06-24 14:18:20 - Running test: scripted / conanTest
2020-06-24 14:23:14 - Running test: scripted / conanTest
2020-06-24 14:26:28 - Running test: scripted / conanTest
2020-06-24 14:41:39 - Running test: scripted / conanTest
2020-06-24 14:48:52 - Running test: scripted / conanTest
2020-06-24 15:01:17 - Running test: scripted / conanTest
2020-06-24 15:07:43 - Running test: scripted / conanTest
2020-06-24 15:17:34 - Running test: scripted / conanTest
2020-06-24 15:19:15 - Running test: scripted / conanTest
2020-06-24 15:20:49 - Running test: scripted / conanTest
2020-06-24 15:32:53 - Running test: scripted / conanTest
2020-06-24 15:34:50 - Running test: scripted / conanTest
2020-06-24 15:36:17 - Running test: scripted / conanTest
2020-06-24 15:37:33 - Running test: scripted / conanTest
2020-06-24 18:17:16 - Running test: scripted / conanTest
2020-06-24 18:18:30 - Running test: scripted / conanTest
2020-06-24 18:20:36 - Running test: scripted / conanTest
2020-06-24 18:26:52 - Running test: scripted / conanTest
2020-06-24 18:28:40 - Running test: scripted / conanTest
2020-06-24 18:29:45 - Running test: scripted / conanTest
2020-06-24 18:31:52 - Running test: scripted / conanTest
2020-06-24 18:33:07 - Running test: scripted / conanTest
2020-06-24 18:40:40 - Running test: scripted / conanTest
2020-06-24 18:41:44 - Running test: scripted / conanTest
2020-06-24 18:46:24 - Running test: scripted / conanTest
2020-06-24 18:48:02 - Running test: declarative / conanTest
2020-06-24 18:50:19 - Running test: declarative / conanTest
2020-06-24 18:52:43 - Running test: declarative / conanTest
2020-06-24 18:56:51 - Running test: declarative / conanTest
2020-06-24 19:01:14 - Running test: declarative / conanTest
2020-06-24 19:09:57 - Running test: declarative / conanTest
2020-06-24 19:11:54 - Running test: scripted / conanTest
2020-06-24 19:24:25 - Running test: scripted / npmTest
2020-06-24 19:24:48 - Running test: scripted / goCustomModuleNameTest
2020-06-24 19:25:06 - Running test: scripted / collectIssuesTest
2020-06-24 19:25:10 - Running test: scripted / mavenTest
2020-06-24 19:25:38 - Running test: scripted / downloadNonExistingBuildTest
2020-06-24 19:25:45 - Running test: scripted / xrayScanFailFalseTest
2020-06-24 19:25:47 - Running test: scripted / downloadByPatternTest
2020-06-24 19:25:54 - Running test: scripted / dockerPushTest
2020-06-24 19:26:15 - Running test: scripted / uploadDownloadCustomModuleNameTest
2020-06-24 19:26:23 - Running test: scripted / goTest
2020-06-24 19:26:38 - Running test: scripted / conanTest
2020-06-24 19:27:03 - Running test: scripted / downloadByShaAndBuildTest
2020-06-24 19:27:17 - Running test: scripted / downloadByBuildOnlyTest
2020-06-24 19:27:32 - Running test: scripted / uploadTest
2020-06-24 19:27:39 - Running test: scripted / downloadByPatternAndBuildTest
2020-06-24 19:27:52 - Running test: scripted / deletePropsTest
2020-06-24 19:28:09 - Running test: scripted / npmCustomModuleNameTest
2020-06-24 19:28:24 - Running test: scripted / gradleTest
2020-06-24 19:29:07 - Running test: scripted / gradleCiServerTest
2020-06-24 19:29:36 - Running test: scripted / downloadByShaAndBuildNameTest
2020-06-24 19:29:51 - Running test: scripted / appendBuildInfoTest
2020-06-24 19:29:58 - Running test: scripted / promotionTest
2020-06-24 19:30:12 - Running test: scripted / setPropsTest
2020-06-24 19:30:21 - Running test: scripted / xrayScanFailTrueTest
2020-06-24 19:30:22 - Running test: scripted / downloadByAqlTest
2020-06-24 19:30:30 - Running test: scripted / downloadFailNoOpTest
2020-06-24 19:30:32 - Running test: scripted / uploadFailNoOpTest
2020-06-24 19:31:17 - Running test: declarative / npmTest
2020-06-24 19:31:38 - Running test: declarative / goCustomModuleNameTest
2020-06-24 19:31:55 - Running test: declarative / collectIssuesTest
2020-06-24 19:32:00 - Running test: declarative / mavenTest
2020-06-24 19:32:27 - Running test: declarative / downloadNonExistingBuildTest
2020-06-24 19:32:34 - Running test: declarative / xrayScanFailFalseTest
2020-06-24 19:32:36 - Running test: declarative / downloadByPatternTest
2020-06-24 19:32:43 - Running test: declarative / dockerPushTest
2020-06-24 19:33:02 - Running test: declarative / uploadDownloadCustomModuleNameTest
2020-06-24 19:33:09 - Running test: declarative / goTest
2020-06-24 19:33:26 - Running test: declarative / conanTest
2020-06-24 19:33:53 - Running test: declarative / downloadByShaAndBuildTest
2020-06-24 19:34:08 - Running test: declarative / downloadByBuildOnlyTest
2020-06-24 19:34:22 - Running test: declarative / uploadTest
2020-06-24 19:34:28 - Running test: declarative / downloadByPatternAndBuildTest
2020-06-24 19:34:41 - Running test: declarative / deletePropsTest
2020-06-24 19:34:52 - Running test: declarative / npmCustomModuleNameTest
2020-06-24 19:35:07 - Running test: declarative / gradleTest
2020-06-24 19:35:42 - Running test: declarative / gradleCiServerTest
2020-06-24 19:36:11 - Running test: declarative / downloadByShaAndBuildNameTest
2020-06-24 19:36:25 - Running test: declarative / promotionTest
2020-06-24 19:36:48 - Running test: declarative / setPropsTest
2020-06-24 19:36:58 - Running test: declarative / xrayScanFailTrueTest
2020-06-24 19:37:03 - Running test: declarative / downloadByAqlTest
2020-06-24 19:37:18 - Running test: declarative / downloadFailNoOpTest
2020-06-24 19:37:20 - Running test: declarative / uploadFailNoOpTest
2020-06-25 09:21:31 - Running test: declarative / conanTest
2020-06-25 09:29:30 - Running test: declarative / conanTest
2020-06-25 09:31:52 - Running test: declarative / conanTest
2020-06-25 09:57:43 - Running test: declarative / conanTest
2020-06-25 10:01:51 - Running test: scripted / conanTest
